[2025-07-13T01:28:05.054539] Test context for logging: ValueError: Test error for logging
--------------------------------------------------------------------------------
